23:43:06 **** Auto Build of configuration Debug for project test_co_run_bsp_xuartps_polled_example_1 ****
make all 
Building file: ../src/xuartps_polled_example.c
Invoking: ARM gcc compiler
arm-xilinx-eabi-gcc -Wall -O0 -g3 -c -fmessage-length=0 -MT"src/xuartps_polled_example.o" -I../../test_co_run_bsp/ps7_cortexa9_0/include -MMD -MP -MF"src/xuartps_polled_example.d" -MT"src/xuartps_polled_example.d" -o "src/xuartps_polled_example.o" "../src/xuartps_polled_example.c"
Finished building: ../src/xuartps_polled_example.c
 
Building target: test_co_run_bsp_xuartps_polled_example_1.elf
Invoking: ARM gcc linker
arm-xilinx-eabi-gcc -Wl,-T -Wl,../src/lscript.ld -L../../test_co_run_bsp/ps7_cortexa9_0/lib -o "test_co_run_bsp_xuartps_polled_example_1.elf"  ./src/xuartps_polled_example.o   -Wl,--start-group,-lxil,-lgcc,-lc,--end-group
Finished building target: test_co_run_bsp_xuartps_polled_example_1.elf
 
Invoking: ARM Print Size
arm-xilinx-eabi-size test_co_run_bsp_xuartps_polled_example_1.elf  |tee "test_co_run_bsp_xuartps_polled_example_1.elf.size"
   text	   data	    bss	    dec	    hex	filename
  27672	   1200	  22740	  51612	   c99c	test_co_run_bsp_xuartps_polled_example_1.elf
Finished building: test_co_run_bsp_xuartps_polled_example_1.elf.size
 

23:43:07 Build Finished (took 1s.115ms)

